[12:56:59] phase=stock rounds=5 duration=12s lengths=[128 512 1000] conns=[1 50 300 1000]
[12:57:00] idle check: us=2 sy=0 id=98
[12:57:00] === round 1 ===
--- epoll r1 len=128 conns=1 port=19990 rc=0
Benchmarking: 127.0.0.1:19990
1 clients, running 128 bytes, 12 sec.

Speed: 70661 request/sec, 70661 response/sec
Requests: 847943
Responses: 847942
[12:57:13]   r1 epoll len=128 c=1 -> 70661 req/s 
--- iouring r1 len=128 conns=1 port=19990 rc=0
Benchmarking: 127.0.0.1:19990
1 clients, running 128 bytes, 12 sec.

Speed: 68600 request/sec, 68600 response/sec
Requests: 823209
Responses: 823209
[12:57:27]   r1 iouring len=128 c=1 -> 68600 req/s 
--- epoll r1 len=128 conns=50 port=19990 rc=0
Benchmarking: 127.0.0.1:19990
50 clients, running 128 bytes, 12 sec.

Speed: 197063 request/sec, 197063 response/sec
Requests: 2364757
Responses: 2364756
[12:57:41]   r1 epoll len=128 c=50 -> 197063 req/s 
--- iouring r1 len=128 conns=50 port=19990 rc=0
Benchmarking: 127.0.0.1:19990
50 clients, running 128 bytes, 12 sec.

Speed: 215910 request/sec, 215910 response/sec
Requests: 2590930
Responses: 2590929
[12:57:56]   r1 iouring len=128 c=50 -> 215910 req/s 
--- epoll r1 len=128 conns=300 port=19990 rc=0
Benchmarking: 127.0.0.1:19990
300 clients, running 128 bytes, 12 sec.

Speed: 186367 request/sec, 186367 response/sec
Requests: 2236408
Responses: 2236406
[12:58:10]   r1 epoll len=128 c=300 -> 186367 req/s 
--- iouring r1 len=128 conns=300 port=19990 rc=0
Benchmarking: 127.0.0.1:19990
300 clients, running 128 bytes, 12 sec.

Speed: 197837 request/sec, 197837 response/sec
Requests: 2374052
Responses: 2374050
[12:58:25]   r1 iouring len=128 c=300 -> 197837 req/s 
--- epoll r1 len=128 conns=1000 port=19990 rc=0
Benchmarking: 127.0.0.1:19990
1000 clients, running 128 bytes, 12 sec.

Speed: 156583 request/sec, 156583 response/sec
Requests: 1878999
Responses: 1878997
[12:58:39]   r1 epoll len=128 c=1000 -> 156583 req/s 
--- iouring r1 len=128 conns=1000 port=19990 rc=0
Benchmarking: 127.0.0.1:19990
1000 clients, running 128 bytes, 12 sec.

Speed: 154082 request/sec, 154082 response/sec
Requests: 1848987
Responses: 1848985
[12:58:53]   r1 iouring len=128 c=1000 -> 154082 req/s 
--- epoll r1 len=512 conns=1 port=19990 rc=0
Benchmarking: 127.0.0.1:19990
1 clients, running 512 bytes, 12 sec.

Speed: 68266 request/sec, 68266 response/sec
Requests: 819200
Responses: 819200
[12:59:08]   r1 epoll len=512 c=1 -> 68266 req/s 
--- iouring r1 len=512 conns=1 port=19990 rc=0
Benchmarking: 127.0.0.1:19990
1 clients, running 512 bytes, 12 sec.

Speed: 67381 request/sec, 67381 response/sec
Requests: 808582
Responses: 808582
[12:59:22]   r1 iouring len=512 c=1 -> 67381 req/s 
--- epoll r1 len=512 conns=50 port=19990 rc=0
Benchmarking: 127.0.0.1:19990
50 clients, running 512 bytes, 12 sec.

Speed: 193604 request/sec, 193604 response/sec
Requests: 2323259
Responses: 2323257
[12:59:37]   r1 epoll len=512 c=50 -> 193604 req/s 
--- iouring r1 len=512 conns=50 port=19990 rc=0
Benchmarking: 127.0.0.1:19990
50 clients, running 512 bytes, 12 sec.

Speed: 213270 request/sec, 213270 response/sec
Requests: 2559249
Responses: 2559247
[12:59:51]   r1 iouring len=512 c=50 -> 213270 req/s 
--- epoll r1 len=512 conns=300 port=19990 rc=0
Benchmarking: 127.0.0.1:19990
300 clients, running 512 bytes, 12 sec.

Speed: 181989 request/sec, 181989 response/sec
Requests: 2183879
Responses: 2183877
[13:00:05]   r1 epoll len=512 c=300 -> 181989 req/s 
--- iouring r1 len=512 conns=300 port=19990 rc=0
Benchmarking: 127.0.0.1:19990
300 clients, running 512 bytes, 12 sec.

Speed: 195786 request/sec, 195786 response/sec
Requests: 2349438
Responses: 2349437
[13:00:20]   r1 iouring len=512 c=300 -> 195786 req/s 
--- epoll r1 len=512 conns=1000 port=19990 rc=0
Benchmarking: 127.0.0.1:19990
1000 clients, running 512 bytes, 12 sec.

Speed: 151586 request/sec, 151586 response/sec
Requests: 1819042
Responses: 1819040
[13:00:34]   r1 epoll len=512 c=1000 -> 151586 req/s 
--- iouring r1 len=512 conns=1000 port=19990 rc=0
Benchmarking: 127.0.0.1:19990
1000 clients, running 512 bytes, 12 sec.

Speed: 148468 request/sec, 148468 response/sec
Requests: 1781625
Responses: 1781625
[13:00:49]   r1 iouring len=512 c=1000 -> 148468 req/s 
--- epoll r1 len=1000 conns=1 port=19990 rc=0
Benchmarking: 127.0.0.1:19990
1 clients, running 1000 bytes, 12 sec.

Speed: 67263 request/sec, 67263 response/sec
Requests: 807166
Responses: 807165
[13:01:03]   r1 epoll len=1000 c=1 -> 67263 req/s 
--- iouring r1 len=1000 conns=1 port=19990 rc=0
Benchmarking: 127.0.0.1:19990
1 clients, running 1000 bytes, 12 sec.

Speed: 65510 request/sec, 65510 response/sec
Requests: 786125
Responses: 786125
[13:01:18]   r1 iouring len=1000 c=1 -> 65510 req/s 
--- epoll r1 len=1000 conns=50 port=19990 rc=0
Benchmarking: 127.0.0.1:19990
50 clients, running 1000 bytes, 12 sec.

Speed: 191829 request/sec, 191829 response/sec
Requests: 2301950
Responses: 2301949
[13:01:32]   r1 epoll len=1000 c=50 -> 191829 req/s 
--- iouring r1 len=1000 conns=50 port=19990 rc=0
Benchmarking: 127.0.0.1:19990
50 clients, running 1000 bytes, 12 sec.

Speed: 206183 request/sec, 206183 response/sec
Requests: 2474200
Responses: 2474199
[13:01:46]   r1 iouring len=1000 c=50 -> 206183 req/s 
--- epoll r1 len=1000 conns=300 port=19990 rc=0
Benchmarking: 127.0.0.1:19990
300 clients, running 1000 bytes, 12 sec.

Speed: 175919 request/sec, 175919 response/sec
Requests: 2111037
Responses: 2111035
[13:02:01]   r1 epoll len=1000 c=300 -> 175919 req/s 
--- iouring r1 len=1000 conns=300 port=19990 rc=0
Benchmarking: 127.0.0.1:19990
300 clients, running 1000 bytes, 12 sec.

Speed: 185402 request/sec, 185401 response/sec
Requests: 2224824
Responses: 2224823
[13:02:15]   r1 iouring len=1000 c=300 -> 185402 req/s 
--- epoll r1 len=1000 conns=1000 port=19990 rc=0
Benchmarking: 127.0.0.1:19990
1000 clients, running 1000 bytes, 12 sec.

Speed: 148729 request/sec, 148729 response/sec
Requests: 1784757
Responses: 1784755
[13:02:30]   r1 epoll len=1000 c=1000 -> 148729 req/s 
--- iouring r1 len=1000 conns=1000 port=19990 rc=0
Benchmarking: 127.0.0.1:19990
1000 clients, running 1000 bytes, 12 sec.

Speed: 143034 request/sec, 143033 response/sec
Requests: 1716409
Responses: 1716407
[13:02:44]   r1 iouring len=1000 c=1000 -> 143034 req/s 
[13:02:47] idle after round 1: id=99
[13:02:47] === round 2 ===
--- iouring r2 len=128 conns=1 port=19990 rc=0
Benchmarking: 127.0.0.1:19990
1 clients, running 128 bytes, 12 sec.

Speed: 67819 request/sec, 67819 response/sec
Requests: 813832
Responses: 813832
[13:03:00]   r2 iouring len=128 c=1 -> 67819 req/s 
--- epoll r2 len=128 conns=1 port=19990 rc=0
Benchmarking: 127.0.0.1:19990
1 clients, running 128 bytes, 12 sec.

Speed: 69553 request/sec, 69553 response/sec
Requests: 834642
Responses: 834642
[13:03:14]   r2 epoll len=128 c=1 -> 69553 req/s 
--- iouring r2 len=128 conns=50 port=19990 rc=0
Benchmarking: 127.0.0.1:19990
50 clients, running 128 bytes, 12 sec.

Speed: 214083 request/sec, 214083 response/sec
Requests: 2568998
Responses: 2568996
[13:03:28]   r2 iouring len=128 c=50 -> 214083 req/s 
--- epoll r2 len=128 conns=50 port=19990 rc=0
Benchmarking: 127.0.0.1:19990
50 clients, running 128 bytes, 12 sec.

Speed: 195584 request/sec, 195584 response/sec
Requests: 2347015
Responses: 2347014
[13:03:43]   r2 epoll len=128 c=50 -> 195584 req/s 
--- iouring r2 len=128 conns=300 port=19990 rc=0
Benchmarking: 127.0.0.1:19990
300 clients, running 128 bytes, 12 sec.

Speed: 198826 request/sec, 198825 response/sec
Requests: 2385912
Responses: 2385911
[13:03:57]   r2 iouring len=128 c=300 -> 198826 req/s 
--- epoll r2 len=128 conns=300 port=19990 rc=0
Benchmarking: 127.0.0.1:19990
300 clients, running 128 bytes, 12 sec.

Speed: 188827 request/sec, 188827 response/sec
Requests: 2265925
Responses: 2265925
[13:04:12]   r2 epoll len=128 c=300 -> 188827 req/s 
--- iouring r2 len=128 conns=1000 port=19990 rc=0
Benchmarking: 127.0.0.1:19990
1000 clients, running 128 bytes, 12 sec.

Speed: 155620 request/sec, 155620 response/sec
Requests: 1867444
Responses: 1867443
[13:04:26]   r2 iouring len=128 c=1000 -> 155620 req/s 
--- epoll r2 len=128 conns=1000 port=19990 rc=0
Benchmarking: 127.0.0.1:19990
1000 clients, running 128 bytes, 12 sec.

Speed: 156381 request/sec, 156381 response/sec
Requests: 1876583
Responses: 1876581
[13:04:41]   r2 epoll len=128 c=1000 -> 156381 req/s 
--- iouring r2 len=512 conns=1 port=19990 rc=0
Benchmarking: 127.0.0.1:19990
1 clients, running 512 bytes, 12 sec.

Speed: 68003 request/sec, 68003 response/sec
Requests: 816038
Responses: 816038
[13:04:55]   r2 iouring len=512 c=1 -> 68003 req/s 
--- epoll r2 len=512 conns=1 port=19990 rc=0
Benchmarking: 127.0.0.1:19990
1 clients, running 512 bytes, 12 sec.

Speed: 69648 request/sec, 69648 response/sec
Requests: 835781
Responses: 835781
[13:05:09]   r2 epoll len=512 c=1 -> 69648 req/s 
--- iouring r2 len=512 conns=50 port=19990 rc=0
Benchmarking: 127.0.0.1:19990
50 clients, running 512 bytes, 12 sec.

Speed: 213600 request/sec, 213600 response/sec
Requests: 2563209
Responses: 2563207
[13:05:24]   r2 iouring len=512 c=50 -> 213600 req/s 
--- epoll r2 len=512 conns=50 port=19990 rc=0
Benchmarking: 127.0.0.1:19990
50 clients, running 512 bytes, 12 sec.

Speed: 191856 request/sec, 191856 response/sec
Requests: 2302279
Responses: 2302278
[13:05:38]   r2 epoll len=512 c=50 -> 191856 req/s 
--- iouring r2 len=512 conns=300 port=19990 rc=0
Benchmarking: 127.0.0.1:19990
300 clients, running 512 bytes, 12 sec.

Speed: 192779 request/sec, 192779 response/sec
Requests: 2313354
Responses: 2313353
[13:05:52]   r2 iouring len=512 c=300 -> 192779 req/s 
--- epoll r2 len=512 conns=300 port=19990 rc=0
Benchmarking: 127.0.0.1:19990
300 clients, running 512 bytes, 12 sec.

Speed: 182173 request/sec, 182173 response/sec
Requests: 2186084
Responses: 2186083
[13:06:07]   r2 epoll len=512 c=300 -> 182173 req/s 
--- iouring r2 len=512 conns=1000 port=19990 rc=0
Benchmarking: 127.0.0.1:19990
1000 clients, running 512 bytes, 12 sec.

Speed: 148249 request/sec, 148249 response/sec
Requests: 1778998
Responses: 1778997
[13:06:21]   r2 iouring len=512 c=1000 -> 148249 req/s 
--- epoll r2 len=512 conns=1000 port=19990 rc=0
Benchmarking: 127.0.0.1:19990
1000 clients, running 512 bytes, 12 sec.

Speed: 152251 request/sec, 152250 response/sec
Requests: 1827013
Responses: 1827011
[13:06:36]   r2 epoll len=512 c=1000 -> 152251 req/s 
--- iouring r2 len=1000 conns=1 port=19990 rc=0
Benchmarking: 127.0.0.1:19990
1 clients, running 1000 bytes, 12 sec.

Speed: 65898 request/sec, 65898 response/sec
Requests: 790781
Responses: 790780
[13:06:50]   r2 iouring len=1000 c=1 -> 65898 req/s 
--- epoll r2 len=1000 conns=1 port=19990 rc=0
Benchmarking: 127.0.0.1:19990
1 clients, running 1000 bytes, 12 sec.

Speed: 66562 request/sec, 66562 response/sec
Requests: 798749
Responses: 798748
[13:07:05]   r2 epoll len=1000 c=1 -> 66562 req/s 
--- iouring r2 len=1000 conns=50 port=19990 rc=0
Benchmarking: 127.0.0.1:19990
50 clients, running 1000 bytes, 12 sec.

Speed: 208631 request/sec, 208631 response/sec
Requests: 2503579
Responses: 2503578
[13:07:19]   r2 iouring len=1000 c=50 -> 208631 req/s 
--- epoll r2 len=1000 conns=50 port=19990 rc=0
Benchmarking: 127.0.0.1:19990
50 clients, running 1000 bytes, 12 sec.

Speed: 191909 request/sec, 191909 response/sec
Requests: 2302911
Responses: 2302909
[13:07:33]   r2 epoll len=1000 c=50 -> 191909 req/s 
--- iouring r2 len=1000 conns=300 port=19990 rc=0
Benchmarking: 127.0.0.1:19990
300 clients, running 1000 bytes, 12 sec.

Speed: 181712 request/sec, 181712 response/sec
Requests: 2180547
Responses: 2180545
[13:07:48]   r2 iouring len=1000 c=300 -> 181712 req/s 
--- epoll r2 len=1000 conns=300 port=19990 rc=0
Benchmarking: 127.0.0.1:19990
300 clients, running 1000 bytes, 12 sec.

Speed: 175792 request/sec, 175792 response/sec
Requests: 2109514
Responses: 2109511
[13:08:02]   r2 epoll len=1000 c=300 -> 175792 req/s 
--- iouring r2 len=1000 conns=1000 port=19990 rc=0
Benchmarking: 127.0.0.1:19990
1000 clients, running 1000 bytes, 12 sec.

Speed: 143573 request/sec, 143573 response/sec
Requests: 1722878
Responses: 1722878
[13:08:17]   r2 iouring len=1000 c=1000 -> 143573 req/s 
--- epoll r2 len=1000 conns=1000 port=19990 rc=0
Benchmarking: 127.0.0.1:19990
1000 clients, running 1000 bytes, 12 sec.

Speed: 149264 request/sec, 149264 response/sec
Requests: 1791169
Responses: 1791168
[13:08:31]   r2 epoll len=1000 c=1000 -> 149264 req/s 
[13:08:34] idle after round 2: id=98
[13:08:34] === round 3 ===
--- epoll r3 len=128 conns=1 port=19990 rc=0
Benchmarking: 127.0.0.1:19990
1 clients, running 128 bytes, 12 sec.

Speed: 69472 request/sec, 69472 response/sec
Requests: 833674
Responses: 833673
[13:08:47]   r3 epoll len=128 c=1 -> 69472 req/s 
--- iouring r3 len=128 conns=1 port=19990 rc=0
Benchmarking: 127.0.0.1:19990
1 clients, running 128 bytes, 12 sec.

Speed: 68965 request/sec, 68965 response/sec
Requests: 827580
Responses: 827580
[13:09:01]   r3 iouring len=128 c=1 -> 68965 req/s 
--- epoll r3 len=128 conns=50 port=19990 rc=0
Benchmarking: 127.0.0.1:19990
50 clients, running 128 bytes, 12 sec.

Speed: 198760 request/sec, 198759 response/sec
Requests: 2385120
Responses: 2385119
[13:09:15]   r3 epoll len=128 c=50 -> 198760 req/s 
--- iouring r3 len=128 conns=50 port=19990 rc=0
Benchmarking: 127.0.0.1:19990
50 clients, running 128 bytes, 12 sec.

Speed: 214642 request/sec, 214642 response/sec
Requests: 2575706
Responses: 2575704
[13:09:30]   r3 iouring len=128 c=50 -> 214642 req/s 
--- epoll r3 len=128 conns=300 port=19990 rc=0
Benchmarking: 127.0.0.1:19990
300 clients, running 128 bytes, 12 sec.

Speed: 186814 request/sec, 186814 response/sec
Requests: 2241773
Responses: 2241771
[13:09:44]   r3 epoll len=128 c=300 -> 186814 req/s 
--- iouring r3 len=128 conns=300 port=19990 rc=0
Benchmarking: 127.0.0.1:19990
300 clients, running 128 bytes, 12 sec.

Speed: 196691 request/sec, 196691 response/sec
Requests: 2360298
Responses: 2360296
[13:09:58]   r3 iouring len=128 c=300 -> 196691 req/s 
--- epoll r3 len=128 conns=1000 port=19990 rc=0
Benchmarking: 127.0.0.1:19990
1000 clients, running 128 bytes, 12 sec.

Speed: 156528 request/sec, 156528 response/sec
Requests: 1878344
Responses: 1878342
[13:10:13]   r3 epoll len=128 c=1000 -> 156528 req/s 
--- iouring r3 len=128 conns=1000 port=19990 rc=0
Benchmarking: 127.0.0.1:19990
1000 clients, running 128 bytes, 12 sec.

Speed: 155643 request/sec, 155642 response/sec
Requests: 1867716
Responses: 1867715
[13:10:27]   r3 iouring len=128 c=1000 -> 155643 req/s 
--- epoll r3 len=512 conns=1 port=19990 rc=0
Benchmarking: 127.0.0.1:19990
1 clients, running 512 bytes, 12 sec.

Speed: 68745 request/sec, 68745 response/sec
Requests: 824951
Responses: 824950
[13:10:42]   r3 epoll len=512 c=1 -> 68745 req/s 
--- iouring r3 len=512 conns=1 port=19990 rc=0
Benchmarking: 127.0.0.1:19990
1 clients, running 512 bytes, 12 sec.

Speed: 67578 request/sec, 67578 response/sec
Requests: 810938
Responses: 810938
[13:10:56]   r3 iouring len=512 c=1 -> 67578 req/s 
--- epoll r3 len=512 conns=50 port=19990 rc=0
Benchmarking: 127.0.0.1:19990
50 clients, running 512 bytes, 12 sec.

Speed: 193659 request/sec, 193659 response/sec
Requests: 2323912
Responses: 2323910
[13:11:11]   r3 epoll len=512 c=50 -> 193659 req/s 
--- iouring r3 len=512 conns=50 port=19990 rc=0
Benchmarking: 127.0.0.1:19990
50 clients, running 512 bytes, 12 sec.

Speed: 213773 request/sec, 213773 response/sec
Requests: 2565282
Responses: 2565280
[13:11:25]   r3 iouring len=512 c=50 -> 213773 req/s 
--- epoll r3 len=512 conns=300 port=19990 rc=0
Benchmarking: 127.0.0.1:19990
300 clients, running 512 bytes, 12 sec.

Speed: 182681 request/sec, 182680 response/sec
Requests: 2192172
Responses: 2192170
[13:11:39]   r3 epoll len=512 c=300 -> 182681 req/s 
--- iouring r3 len=512 conns=300 port=19990 rc=0
Benchmarking: 127.0.0.1:19990
300 clients, running 512 bytes, 12 sec.

Speed: 192877 request/sec, 192877 response/sec
Requests: 2314530
Responses: 2314529
[13:11:54]   r3 iouring len=512 c=300 -> 192877 req/s 
--- epoll r3 len=512 conns=1000 port=19990 rc=0
Benchmarking: 127.0.0.1:19990
1000 clients, running 512 bytes, 12 sec.

Speed: 151919 request/sec, 151919 response/sec
Requests: 1823035
Responses: 1823034
[13:12:08]   r3 epoll len=512 c=1000 -> 151919 req/s 
--- iouring r3 len=512 conns=1000 port=19990 rc=0
Benchmarking: 127.0.0.1:19990
1000 clients, running 512 bytes, 12 sec.

Speed: 146993 request/sec, 146993 response/sec
Requests: 1763919
Responses: 1763917
[13:12:23]   r3 iouring len=512 c=1000 -> 146993 req/s 
--- epoll r3 len=1000 conns=1 port=19990 rc=0
Benchmarking: 127.0.0.1:19990
1 clients, running 1000 bytes, 12 sec.

Speed: 67137 request/sec, 67137 response/sec
Requests: 805652
Responses: 805652
[13:12:37]   r3 epoll len=1000 c=1 -> 67137 req/s 
--- iouring r3 len=1000 conns=1 port=19990 rc=0
Benchmarking: 127.0.0.1:19990
1 clients, running 1000 bytes, 12 sec.

Speed: 66014 request/sec, 66014 response/sec
Requests: 792173
Responses: 792173
[13:12:52]   r3 iouring len=1000 c=1 -> 66014 req/s 
--- epoll r3 len=1000 conns=50 port=19990 rc=0
Benchmarking: 127.0.0.1:19990
50 clients, running 1000 bytes, 12 sec.

Speed: 190710 request/sec, 190710 response/sec
Requests: 2288523
Responses: 2288521
[13:13:06]   r3 epoll len=1000 c=50 -> 190710 req/s 
--- iouring r3 len=1000 conns=50 port=19990 rc=0
Benchmarking: 127.0.0.1:19990
50 clients, running 1000 bytes, 12 sec.

Speed: 208815 request/sec, 208814 response/sec
Requests: 2505781
Responses: 2505779
[13:13:20]   r3 iouring len=1000 c=50 -> 208815 req/s 
--- epoll r3 len=1000 conns=300 port=19990 rc=0
Benchmarking: 127.0.0.1:19990
300 clients, running 1000 bytes, 12 sec.

Speed: 171368 request/sec, 171368 response/sec
Requests: 2056420
Responses: 2056419
[13:13:35]   r3 epoll len=1000 c=300 -> 171368 req/s 
--- iouring r3 len=1000 conns=300 port=19990 rc=0
Benchmarking: 127.0.0.1:19990
300 clients, running 1000 bytes, 12 sec.

Speed: 183867 request/sec, 183867 response/sec
Requests: 2206415
Responses: 2206415
[13:13:49]   r3 iouring len=1000 c=300 -> 183867 req/s 
--- epoll r3 len=1000 conns=1000 port=19990 rc=0
Benchmarking: 127.0.0.1:19990
1000 clients, running 1000 bytes, 12 sec.

Speed: 149124 request/sec, 149123 response/sec
Requests: 1789489
Responses: 1789487
[13:14:04]   r3 epoll len=1000 c=1000 -> 149124 req/s 
--- iouring r3 len=1000 conns=1000 port=19990 rc=0
Benchmarking: 127.0.0.1:19990
1000 clients, running 1000 bytes, 12 sec.

Speed: 141133 request/sec, 141133 response/sec
Requests: 1693600
Responses: 1693598
[13:14:18]   r3 iouring len=1000 c=1000 -> 141133 req/s 
[13:14:21] idle after round 3: id=99
[13:14:21] === round 4 ===
--- iouring r4 len=128 conns=1 port=19990 rc=0
Benchmarking: 127.0.0.1:19990
1 clients, running 128 bytes, 12 sec.

Speed: 68406 request/sec, 68406 response/sec
Requests: 820881
Responses: 820881
[13:14:34]   r4 iouring len=128 c=1 -> 68406 req/s 
--- epoll r4 len=128 conns=1 port=19990 rc=0
Benchmarking: 127.0.0.1:19990
1 clients, running 128 bytes, 12 sec.

Speed: 70517 request/sec, 70517 response/sec
Requests: 846214
Responses: 846214
[13:14:48]   r4 epoll len=128 c=1 -> 70517 req/s 
--- iouring r4 len=128 conns=50 port=19990 rc=0
Benchmarking: 127.0.0.1:19990
50 clients, running 128 bytes, 12 sec.

Speed: 212766 request/sec, 212766 response/sec
Requests: 2553198
Responses: 2553196
[13:15:02]   r4 iouring len=128 c=50 -> 212766 req/s 
--- epoll r4 len=128 conns=50 port=19990 rc=0
Benchmarking: 127.0.0.1:19990
50 clients, running 128 bytes, 12 sec.

Speed: 195484 request/sec, 195483 response/sec
Requests: 2345808
Responses: 2345807
[13:15:17]   r4 epoll len=128 c=50 -> 195484 req/s 
--- iouring r4 len=128 conns=300 port=19990 rc=0
Benchmarking: 127.0.0.1:19990
300 clients, running 128 bytes, 12 sec.

Speed: 197770 request/sec, 197769 response/sec
Requests: 2373240
Responses: 2373238
[13:15:31]   r4 iouring len=128 c=300 -> 197770 req/s 
--- epoll r4 len=128 conns=300 port=19990 rc=0
Benchmarking: 127.0.0.1:19990
300 clients, running 128 bytes, 12 sec.

Speed: 186655 request/sec, 186655 response/sec
Requests: 2239865
Responses: 2239863
[13:15:46]   r4 epoll len=128 c=300 -> 186655 req/s 
--- iouring r4 len=128 conns=1000 port=19990 rc=0
Benchmarking: 127.0.0.1:19990
1000 clients, running 128 bytes, 12 sec.

Speed: 155291 request/sec, 155291 response/sec
Requests: 1863493
Responses: 1863492
[13:16:00]   r4 iouring len=128 c=1000 -> 155291 req/s 
--- epoll r4 len=128 conns=1000 port=19990 rc=0
Benchmarking: 127.0.0.1:19990
1000 clients, running 128 bytes, 12 sec.

Speed: 156323 request/sec, 156323 response/sec
Requests: 1875884
Responses: 1875882
[13:16:15]   r4 epoll len=128 c=1000 -> 156323 req/s 
--- iouring r4 len=512 conns=1 port=19990 rc=0
Benchmarking: 127.0.0.1:19990
1 clients, running 512 bytes, 12 sec.

Speed: 67891 request/sec, 67891 response/sec
Requests: 814698
Responses: 814698
[13:16:29]   r4 iouring len=512 c=1 -> 67891 req/s 
--- epoll r4 len=512 conns=1 port=19990 rc=0
Benchmarking: 127.0.0.1:19990
1 clients, running 512 bytes, 12 sec.

Speed: 68935 request/sec, 68935 response/sec
Requests: 827224
Responses: 827224
[13:16:43]   r4 epoll len=512 c=1 -> 68935 req/s 
--- iouring r4 len=512 conns=50 port=19990 rc=0
Benchmarking: 127.0.0.1:19990
50 clients, running 512 bytes, 12 sec.

Speed: 213075 request/sec, 213075 response/sec
Requests: 2556909
Responses: 2556908
[13:16:58]   r4 iouring len=512 c=50 -> 213075 req/s 
--- epoll r4 len=512 conns=50 port=19990 rc=0
Benchmarking: 127.0.0.1:19990
50 clients, running 512 bytes, 12 sec.

Speed: 194744 request/sec, 194744 response/sec
Requests: 2336937
Responses: 2336936
[13:17:12]   r4 epoll len=512 c=50 -> 194744 req/s 
--- iouring r4 len=512 conns=300 port=19990 rc=0
Benchmarking: 127.0.0.1:19990
300 clients, running 512 bytes, 12 sec.

Speed: 193478 request/sec, 193477 response/sec
Requests: 2321737
Responses: 2321735
[13:17:27]   r4 iouring len=512 c=300 -> 193478 req/s 
--- epoll r4 len=512 conns=300 port=19990 rc=0
Benchmarking: 127.0.0.1:19990
300 clients, running 512 bytes, 12 sec.

Speed: 185295 request/sec, 185295 response/sec
Requests: 2223544
Responses: 2223543
[13:17:41]   r4 epoll len=512 c=300 -> 185295 req/s 
--- iouring r4 len=512 conns=1000 port=19990 rc=0
Benchmarking: 127.0.0.1:19990
1000 clients, running 512 bytes, 12 sec.

Speed: 148190 request/sec, 148190 response/sec
Requests: 1778285
Responses: 1778285
[13:17:55]   r4 iouring len=512 c=1000 -> 148190 req/s 
--- epoll r4 len=512 conns=1000 port=19990 rc=0
Benchmarking: 127.0.0.1:19990
1000 clients, running 512 bytes, 12 sec.

Speed: 150813 request/sec, 150813 response/sec
Requests: 1809764
Responses: 1809763
[13:18:10]   r4 epoll len=512 c=1000 -> 150813 req/s 
--- iouring r4 len=1000 conns=1 port=19990 rc=0
Benchmarking: 127.0.0.1:19990
1 clients, running 1000 bytes, 12 sec.

Speed: 65804 request/sec, 65804 response/sec
Requests: 789656
Responses: 789656
[13:18:24]   r4 iouring len=1000 c=1 -> 65804 req/s 
--- epoll r4 len=1000 conns=1 port=19990 rc=0
Benchmarking: 127.0.0.1:19990
1 clients, running 1000 bytes, 12 sec.

Speed: 67266 request/sec, 67265 response/sec
Requests: 807192
Responses: 807191
[13:18:39]   r4 epoll len=1000 c=1 -> 67266 req/s 
--- iouring r4 len=1000 conns=50 port=19990 rc=0
Benchmarking: 127.0.0.1:19990
50 clients, running 1000 bytes, 12 sec.

Speed: 206541 request/sec, 206541 response/sec
Requests: 2478496
Responses: 2478495
[13:18:53]   r4 iouring len=1000 c=50 -> 206541 req/s 
--- epoll r4 len=1000 conns=50 port=19990 rc=0
Benchmarking: 127.0.0.1:19990
50 clients, running 1000 bytes, 12 sec.

Speed: 191838 request/sec, 191838 response/sec
Requests: 2302059
Responses: 2302058
[13:19:08]   r4 epoll len=1000 c=50 -> 191838 req/s 
--- iouring r4 len=1000 conns=300 port=19990 rc=0
Benchmarking: 127.0.0.1:19990
300 clients, running 1000 bytes, 12 sec.

Speed: 185753 request/sec, 185752 response/sec
Requests: 2229036
Responses: 2229035
[13:19:22]   r4 iouring len=1000 c=300 -> 185753 req/s 
--- epoll r4 len=1000 conns=300 port=19990 rc=0
Benchmarking: 127.0.0.1:19990
300 clients, running 1000 bytes, 12 sec.

Speed: 175904 request/sec, 175904 response/sec
Requests: 2110852
Responses: 2110850
[13:19:36]   r4 epoll len=1000 c=300 -> 175904 req/s 
--- iouring r4 len=1000 conns=1000 port=19990 rc=0
Benchmarking: 127.0.0.1:19990
1000 clients, running 1000 bytes, 12 sec.

Speed: 141033 request/sec, 141033 response/sec
Requests: 1692398
Responses: 1692397
[13:19:51]   r4 iouring len=1000 c=1000 -> 141033 req/s 
--- epoll r4 len=1000 conns=1000 port=19990 rc=0
Benchmarking: 127.0.0.1:19990
1000 clients, running 1000 bytes, 12 sec.

Speed: 148398 request/sec, 148398 response/sec
Requests: 1780782
Responses: 1780780
[13:20:05]   r4 epoll len=1000 c=1000 -> 148398 req/s 
[13:20:08] idle after round 4: id=98
[13:20:08] === round 5 ===
--- epoll r5 len=128 conns=1 port=19990 rc=0
Benchmarking: 127.0.0.1:19990
1 clients, running 128 bytes, 12 sec.

Speed: 69888 request/sec, 69888 response/sec
Requests: 838664
Responses: 838663
[13:20:21]   r5 epoll len=128 c=1 -> 69888 req/s 
--- iouring r5 len=128 conns=1 port=19990 rc=0
Benchmarking: 127.0.0.1:19990
1 clients, running 128 bytes, 12 sec.

Speed: 68100 request/sec, 68100 response/sec
Requests: 817207
Responses: 817207
[13:20:35]   r5 iouring len=128 c=1 -> 68100 req/s 
--- epoll r5 len=128 conns=50 port=19990 rc=0
Benchmarking: 127.0.0.1:19990
50 clients, running 128 bytes, 12 sec.

Speed: 194155 request/sec, 194155 response/sec
Requests: 2329868
Responses: 2329866
[13:20:50]   r5 epoll len=128 c=50 -> 194155 req/s 
--- iouring r5 len=128 conns=50 port=19990 rc=0
Benchmarking: 127.0.0.1:19990
50 clients, running 128 bytes, 12 sec.

Speed: 213922 request/sec, 213921 response/sec
Requests: 2567064
Responses: 2567062
[13:21:04]   r5 iouring len=128 c=50 -> 213922 req/s 
--- epoll r5 len=128 conns=300 port=19990 rc=0
Benchmarking: 127.0.0.1:19990
300 clients, running 128 bytes, 12 sec.

Speed: 186764 request/sec, 186764 response/sec
Requests: 2241169
Responses: 2241168
[13:21:18]   r5 epoll len=128 c=300 -> 186764 req/s 
--- iouring r5 len=128 conns=300 port=19990 rc=0
Benchmarking: 127.0.0.1:19990
300 clients, running 128 bytes, 12 sec.

Speed: 198923 request/sec, 198923 response/sec
Requests: 2387087
Responses: 2387085
[13:21:33]   r5 iouring len=128 c=300 -> 198923 req/s 
--- epoll r5 len=128 conns=1000 port=19990 rc=0
Benchmarking: 127.0.0.1:19990
1000 clients, running 128 bytes, 12 sec.

Speed: 157225 request/sec, 157225 response/sec
Requests: 1886705
Responses: 1886704
[13:21:47]   r5 epoll len=128 c=1000 -> 157225 req/s 
--- iouring r5 len=128 conns=1000 port=19990 rc=0
Benchmarking: 127.0.0.1:19990
1000 clients, running 128 bytes, 12 sec.

Speed: 155107 request/sec, 155107 response/sec
Requests: 1861286
Responses: 1861286
[13:22:02]   r5 iouring len=128 c=1000 -> 155107 req/s 
--- epoll r5 len=512 conns=1 port=19990 rc=0
Benchmarking: 127.0.0.1:19990
1 clients, running 512 bytes, 12 sec.

Speed: 68092 request/sec, 68092 response/sec
Requests: 817108
Responses: 817107
[13:22:16]   r5 epoll len=512 c=1 -> 68092 req/s 
--- iouring r5 len=512 conns=1 port=19990 rc=0
Benchmarking: 127.0.0.1:19990
1 clients, running 512 bytes, 12 sec.

Speed: 67561 request/sec, 67561 response/sec
Requests: 810739
Responses: 810738
[13:22:30]   r5 iouring len=512 c=1 -> 67561 req/s 
--- epoll r5 len=512 conns=50 port=19990 rc=0
Benchmarking: 127.0.0.1:19990
50 clients, running 512 bytes, 12 sec.

Speed: 193836 request/sec, 193836 response/sec
Requests: 2326043
Responses: 2326041
[13:22:45]   r5 epoll len=512 c=50 -> 193836 req/s 
--- iouring r5 len=512 conns=50 port=19990 rc=0
Benchmarking: 127.0.0.1:19990
50 clients, running 512 bytes, 12 sec.

Speed: 212382 request/sec, 212382 response/sec
Requests: 2548592
Responses: 2548591
[13:22:59]   r5 iouring len=512 c=50 -> 212382 req/s 
--- epoll r5 len=512 conns=300 port=19990 rc=0
Benchmarking: 127.0.0.1:19990
300 clients, running 512 bytes, 12 sec.

Speed: 183141 request/sec, 183141 response/sec
Requests: 2197696
Responses: 2197695
[13:23:14]   r5 epoll len=512 c=300 -> 183141 req/s 
--- iouring r5 len=512 conns=300 port=19990 rc=0
Benchmarking: 127.0.0.1:19990
300 clients, running 512 bytes, 12 sec.

Speed: 194003 request/sec, 194003 response/sec
Requests: 2328038
Responses: 2328036
[13:23:28]   r5 iouring len=512 c=300 -> 194003 req/s 
--- epoll r5 len=512 conns=1000 port=19990 rc=0
Benchmarking: 127.0.0.1:19990
1000 clients, running 512 bytes, 12 sec.

Speed: 151248 request/sec, 151248 response/sec
Requests: 1814982
Responses: 1814981
[13:23:43]   r5 epoll len=512 c=1000 -> 151248 req/s 
--- iouring r5 len=512 conns=1000 port=19990 rc=0
Benchmarking: 127.0.0.1:19990
1000 clients, running 512 bytes, 12 sec.

Speed: 150429 request/sec, 150429 response/sec
Requests: 1805152
Responses: 1805151
[13:23:57]   r5 iouring len=512 c=1000 -> 150429 req/s 
--- epoll r5 len=1000 conns=1 port=19990 rc=0
Benchmarking: 127.0.0.1:19990
1 clients, running 1000 bytes, 12 sec.

Speed: 67109 request/sec, 67109 response/sec
Requests: 805319
Responses: 805319
[13:24:11]   r5 epoll len=1000 c=1 -> 67109 req/s 
--- iouring r5 len=1000 conns=1 port=19990 rc=0
Benchmarking: 127.0.0.1:19990
1 clients, running 1000 bytes, 12 sec.

Speed: 66276 request/sec, 66276 response/sec
Requests: 795312
Responses: 795312
[13:24:26]   r5 iouring len=1000 c=1 -> 66276 req/s 
--- epoll r5 len=1000 conns=50 port=19990 rc=0
Benchmarking: 127.0.0.1:19990
50 clients, running 1000 bytes, 12 sec.

Speed: 192720 request/sec, 192720 response/sec
Requests: 2312642
Responses: 2312641
[13:24:40]   r5 epoll len=1000 c=50 -> 192720 req/s 
--- iouring r5 len=1000 conns=50 port=19990 rc=0
Benchmarking: 127.0.0.1:19990
50 clients, running 1000 bytes, 12 sec.

Speed: 207366 request/sec, 207366 response/sec
Requests: 2488394
Responses: 2488392
[13:24:55]   r5 iouring len=1000 c=50 -> 207366 req/s 
--- epoll r5 len=1000 conns=300 port=19990 rc=0
Benchmarking: 127.0.0.1:19990
300 clients, running 1000 bytes, 12 sec.

Speed: 175124 request/sec, 175124 response/sec
Requests: 2101489
Responses: 2101488
[13:25:09]   r5 epoll len=1000 c=300 -> 175124 req/s 
--- iouring r5 len=1000 conns=300 port=19990 rc=0
Benchmarking: 127.0.0.1:19990
300 clients, running 1000 bytes, 12 sec.

Speed: 183866 request/sec, 183866 response/sec
Requests: 2206398
Responses: 2206398
[13:25:23]   r5 iouring len=1000 c=300 -> 183866 req/s 
--- epoll r5 len=1000 conns=1000 port=19990 rc=0
Benchmarking: 127.0.0.1:19990
1000 clients, running 1000 bytes, 12 sec.

Speed: 148552 request/sec, 148552 response/sec
Requests: 1782635
Responses: 1782632
[13:25:38]   r5 epoll len=1000 c=1000 -> 148552 req/s 
--- iouring r5 len=1000 conns=1000 port=19990 rc=0
Benchmarking: 127.0.0.1:19990
1000 clients, running 1000 bytes, 12 sec.

Speed: 140238 request/sec, 140238 response/sec
Requests: 1682862
Responses: 1682861
[13:25:52]   r5 iouring len=1000 c=1000 -> 140238 req/s 
[13:25:55] idle after round 5: id=99
[13:25:55] done, results in /home/fred/c-control/results-stock.tsv
